9.43021522467364	9.33109294005074	9.35293503820456	3.55415013480748	3.29993153309821	3.69913450442044	2.53989533447467	2.31013552974113	2.61244703785628	4.31768463190864	4.07525796054325	4.57955955204819
