835.773	783.827	756.411	10.3965	10.4219	12.9634	7.01777	6.17119	5.1852	21.9981	16.2619	27.4548
