4.38225687254013	4.48180219390429	4.50076452685491	4.63512493901084	3.13318604355092	3.29879646161331	3.88899623529083	4.15411685292961	3.08220944071721	3.30633098304757	3.37415999406097
