1.82743	1.43702	1.21341	1.164	0.517997	0.648039	0.843427	1.49089	0.482199	0.577643	0.797944
