1.00738	1.01169	1.00465	1.00864	1.02063	1.00795	1.00495	1.03926	0.927422	1.00653	0.960898
