11.6319	8.44978	8.04178	7.38333	9.74286	6.45367	9.89658	9.89781	11.3299	10.7729	5.12902	11.3552	11.198	8.51107	8.73399	8.11258	12.1877	9.28925	9.32435	9.55761	6.12381	8.75349	8.16064	13.0756	10.3955	11.9626	9.41317	12.5497	10.887	11.9985	11.5789	10.1371	9.62927	5.95872	8.26304	10.8861	7.42043	11.9171	13.011	8.15084	11.0592	7.74908	9.42764	8.48402	11.614	9.69067	8.87953	8.3864	8.59981	8.49756
