#%For diagnostic purposes only.=comment only.
#%affymetrix-algorithm-param-apt-analysis-guid=74c1c5f8-20ea-46ab-8b76-c7acefb3c24f
#%affymetrix-algorithm-param-apt-command-line=./apt-probeset-genotype --cc-chp-output --table-output --analysis birdseed --special-snps ../../../regression-data/data/idata/lib/GenomeWideSNP_6/GenomeWideSNP_6.specialSNPs --spf-file ../../../regression-data/data/idata/lib/GenomeWideSNP_6/GenomeWideSNP_6.SNP_A-4232288.spf --read-models-birdseed ../../../regression-data/data/idata/lib/GenomeWideSNP_6/GenomeWideSNP_6.birdseed.models -o out --write-models --cel-files ../../../regression-data/data/idata/p-geno/GenomeWideSNP_6/fas_cel_files.txt
#%affymetrix-algorithm-param-apt-cvs-id=svn://svn.ev.affymetrix.com/apt/projects/apt/trunk/affy/sdk r12866:13008M
#%affymetrix-algorithm-param-apt-engine=ProbesetGenotypeEngine
#%affymetrix-algorithm-param-apt-exec-guid=470910a4-6206-4ba8-d6db-9d66ec906f5e
#%affymetrix-algorithm-param-apt-free-mem=109322865868
#%affymetrix-algorithm-param-apt-opt-a5-write-sketch=false
#%affymetrix-algorithm-param-apt-opt-analysis-name=birdseed
#%affymetrix-algorithm-param-apt-opt-analysis-spec=quant-norm.sketch=50000.bioc=false.lowprecision=false.usepm=false.target=0.doavg=false.subsetmd5=d41d8cd98f00b204e9800998ecf8427e,pm-only,birdseed.conf-threshold=0.1.correction-factor=-1.0.std_slope=0.062.epsilon=0.001.eps=0.00000000000000022204.var_start=1.1.cluster_distance_ratio_cutoff=0.85.merged_cluster_threshold=.025.small_cluster_weight_threshold=0.01.low_hom_weight_fraction=0.5.low_hom_sample_inflation=100.starting_cluster_weight=0.05.small_cluster_penalty=10.0.expected_wingspan_ratio=1.15.unbalanced_wingspan_penalty=5.0.min_covar=-0.7.max_covar1=0.9.max_covar2=0.95.covar_floor_decay=8.low_covar_threshold=1.0.low_covar_penalty=15.0.wing_length_delta_penalty=50.0.bic_weight=1.0.final_weight_min=0.333.cluster_variance_regularization_factor=1.0.var_mult=1.2.hom_hom_penalty=2.1.mono_het_penalty=10.two_cluster_low_observation_penalty_factor=1000000.relative_distance_confidence_weight=0.8.std_inflection_point=4.0.mean_dist2=1.25.lambda3=15.0.max_iter=50.allow_unlikely_clusters=true,
#%affymetrix-algorithm-param-apt-opt-cc-md-chp-out-dir=
#%affymetrix-algorithm-param-apt-opt-cdf-file=
#%affymetrix-algorithm-param-apt-opt-cel-1=NA06985_GW6_C.CEL
#%affymetrix-algorithm-param-apt-opt-cel-10=NA10839_GW6_C.CEL
#%affymetrix-algorithm-param-apt-opt-cel-11=NA10855_GW6_C.CEL
#%affymetrix-algorithm-param-apt-opt-cel-12=NA10857_GW6_C.CEL
#%affymetrix-algorithm-param-apt-opt-cel-13=NA10860_GW6_C.CEL
#%affymetrix-algorithm-param-apt-opt-cel-14=NA10863_GW6_C.CEL
#%affymetrix-algorithm-param-apt-opt-cel-15=NA11881_GW6_C.CEL
#%affymetrix-algorithm-param-apt-opt-cel-16=NA11882_GW6_C.CEL
#%affymetrix-algorithm-param-apt-opt-cel-17=NA11993_GW6_C.CEL
#%affymetrix-algorithm-param-apt-opt-cel-18=NA12003_GW6_C.CEL
#%affymetrix-algorithm-param-apt-opt-cel-19=NA12004_GW6_C.CEL
#%affymetrix-algorithm-param-apt-opt-cel-2=NA06993_GW6_C.CEL
#%affymetrix-algorithm-param-apt-opt-cel-3=NA07000_GW6_C.CEL
#%affymetrix-algorithm-param-apt-opt-cel-4=NA07019_GW6_C.CEL
#%affymetrix-algorithm-param-apt-opt-cel-5=NA07029_GW6_C.CEL
#%affymetrix-algorithm-param-apt-opt-cel-6=NA07056_GW6_C.CEL
#%affymetrix-algorithm-param-apt-opt-cel-7=NA07345_GW6_C.CEL
#%affymetrix-algorithm-param-apt-opt-cel-8=NA10830_GW6_C.CEL
#%affymetrix-algorithm-param-apt-opt-cel-9=NA10831_GW6_C.CEL
#%affymetrix-algorithm-param-apt-opt-cel-count=19
#%affymetrix-algorithm-param-apt-opt-chip-type=multi-value-same-header-name,GenomeWideSNP_6
#%affymetrix-algorithm-param-apt-opt-chrX-file=
#%affymetrix-algorithm-param-apt-opt-chrX-snps=
#%affymetrix-algorithm-param-apt-opt-chrXProbeFile=
#%affymetrix-algorithm-param-apt-opt-chrYProbeFile=
#%affymetrix-algorithm-param-apt-opt-compute-prior=10000
#%affymetrix-algorithm-param-apt-opt-diskCache=50
#%affymetrix-algorithm-param-apt-opt-dm-calls-out=false
#%affymetrix-algorithm-param-apt-opt-dm-het-mult=0
#%affymetrix-algorithm-param-apt-opt-dm-thresh=.17
#%affymetrix-algorithm-param-apt-opt-do-feature-effects=false
#%affymetrix-algorithm-param-apt-opt-do-residuals=false
#%affymetrix-algorithm-param-apt-opt-feat-effect-file=
#%affymetrix-algorithm-param-apt-opt-force=false
#%affymetrix-algorithm-param-apt-opt-genotype-only=true
#%affymetrix-algorithm-param-apt-opt-genotypes-file=
#%affymetrix-algorithm-param-apt-opt-initial-calls=false
#%affymetrix-algorithm-param-apt-opt-kill-list=
#%affymetrix-algorithm-param-apt-opt-list-sample=false
#%affymetrix-algorithm-param-apt-opt-model-file-birdseed=GenomeWideSNP_6.birdseed.models
#%affymetrix-algorithm-param-apt-opt-model-file-brlmm=
#%affymetrix-algorithm-param-apt-opt-model-file-brlmmp=
#%affymetrix-algorithm-param-apt-opt-no-gender-force=false
#%affymetrix-algorithm-param-apt-opt-norm-size=0
#%affymetrix-algorithm-param-apt-opt-out-dir=out
#%affymetrix-algorithm-param-apt-opt-output-summaries=false
#%affymetrix-algorithm-param-apt-opt-probe-count=29241
#%affymetrix-algorithm-param-apt-opt-ps-list-file=
#%affymetrix-algorithm-param-apt-opt-qmethod-spec=plier.optmethod=1
#%affymetrix-algorithm-param-apt-opt-read-genders=
#%affymetrix-algorithm-param-apt-opt-read-inbred=
#%affymetrix-algorithm-param-apt-opt-read-priors-brlmm=
#%affymetrix-algorithm-param-apt-opt-reference-profile-file=
#%affymetrix-algorithm-param-apt-opt-set-analysis-name=
#%affymetrix-algorithm-param-apt-opt-set-gender-method=
#%affymetrix-algorithm-param-apt-opt-special-snps=GenomeWideSNP_6.specialSNPs
#%affymetrix-algorithm-param-apt-opt-target-sketch-file=
#%affymetrix-algorithm-param-apt-opt-temp-dir=out/temp
#%affymetrix-algorithm-param-apt-opt-use-disk=true
#%affymetrix-algorithm-param-apt-opt-write-prior=false
#%affymetrix-algorithm-param-apt-opt-write-profile=false
#%affymetrix-algorithm-param-apt-opt-write-sketch=false
#%affymetrix-algorithm-param-apt-opt-xda-chp-out-dir=
#%affymetrix-algorithm-param-apt-program-name=apt-probeset-genotype
#%affymetrix-algorithm-param-apt-time-str=Mon Mar 29 11:37:57 2010
#%affymetrix-algorithm-param-apt-version= svn://svn.ev.affymetrix.com/apt/projects/apt/trunk/affy/sdk r12866:13008M
#%affymetrix-algorithm-param-gender_method_used=em-cluster-chrX-het-contrast
#%affymetrix-algorithm-param-max-thresh=0.1
#%affymetrix-algorithm-param-min-thresh=-inf
#%affymetrix-algorithm-param-quantification-name=birdseed
#%affymetrix-algorithm-param-quantification-scale=linear
#%affymetrix-algorithm-param-quantification-type=signal
#%affymetrix-algorithm-param-quantification-version=1.1
#%algorithm-name=birdseed
#%chip-type=multi-value-same-header-name,GenomeWideSNP_6,multi-value-different-header-name
#%file-type=models
#%model-type=posterior
#%reagent-key-version=
foo
bar
