running executeSelect()...
-0.542535
11.0716
done.
